Kind: Add, Span: [0, 1), Text: "+"
Kind: Whitespace, Span: [1, 2), Text: " "
Kind: Sub, Span: [2, 3), Text: "-"
Kind: Whitespace, Span: [3, 4), Text: " "
Kind: Mul, Span: [4, 5), Text: "*"
Kind: Whitespace, Span: [5, 6), Text: " "
Kind: Div, Span: [6, 7), Text: "/"
Kind: Whitespace, Span: [7, 8), Text: " "
Kind: IsEq, Span: [8, 10), Text: "=="
Kind: Whitespace, Span: [10, 11), Text: " "
Kind: NotEq, Span: [11, 13), Text: "!="
Kind: Whitespace, Span: [13, 14), Text: " "
Kind: LessThan, Span: [14, 15), Text: "<"
Kind: Whitespace, Span: [15, 16), Text: " "
Kind: LessThanEq, Span: [16, 18), Text: "<="
Kind: Whitespace, Span: [18, 19), Text: " "
Kind: GreaterThan, Span: [19, 20), Text: ">"
Kind: Whitespace, Span: [20, 21), Text: " "
Kind: GreaterThanEq, Span: [21, 23), Text: ">="
Kind: Whitespace, Span: [23, 24), Text: " "
Kind: LogicalAnd, Span: [24, 26), Text: "&&"
Kind: Whitespace, Span: [26, 27), Text: " "
Kind: LogicalOr, Span: [27, 29), Text: "||"
Kind: Whitespace, Span: [29, 30), Text: " "
Kind: Concat, Span: [30, 32), Text: "++"
Kind: Whitespace, Span: [32, 33), Text: " "
Kind: Update, Span: [33, 35), Text: "//"
Kind: Whitespace, Span: [35, 36), Text: " "
Kind: Question, Span: [36, 37), Text: "?"
Kind: Whitespace, Span: [37, 38), Text: " "
Kind: Imply, Span: [38, 40), Text: "->"
Kind: Whitespace, Span: [40, 41), Text: " "
Kind: Not, Span: [41, 42), Text: "!"
Kind: Whitespace, Span: [42, 43), Text: "\n"