Kind: At, Span: [0, 1), Text: "@"
Kind: Whitespace, Span: [1, 2), Text: "\n"
Kind: Colon, Span: [2, 3), Text: ":"
Kind: Whitespace, Span: [3, 4), Text: "\n"
Kind: Comma, Span: [4, 5), Text: ","
Kind: Whitespace, Span: [5, 6), Text: "\n"
Kind: Dot, Span: [6, 7), Text: "."
Kind: Whitespace, Span: [7, 8), Text: "\n"
Kind: Ellipsis, Span: [8, 11), Text: "..."
Kind: Whitespace, Span: [11, 12), Text: "\n"
Kind: Eq, Span: [12, 13), Text: "="
Kind: Whitespace, Span: [13, 14), Text: "\n"
Kind: Interpolate, Span: [14, 16), Text: "${"
Kind: Whitespace, Span: [16, 17), Text: "\n"
Kind: OpenBrace, Span: [17, 18), Text: "{"
Kind: Whitespace, Span: [18, 19), Text: "\n"
Kind: CloseBrace, Span: [19, 20), Text: "}"
Kind: Whitespace, Span: [20, 21), Text: "\n"
Kind: OpenBracket, Span: [21, 22), Text: "["
Kind: Whitespace, Span: [22, 23), Text: "\n"
Kind: CloseBracket, Span: [23, 24), Text: "]"
Kind: Whitespace, Span: [24, 25), Text: "\n"
Kind: OpenParen, Span: [25, 26), Text: "("
Kind: Whitespace, Span: [26, 27), Text: "\n"
Kind: CloseParen, Span: [27, 28), Text: ")"
Kind: Whitespace, Span: [28, 29), Text: "\n"
Kind: Semi, Span: [29, 30), Text: ";"
Kind: Whitespace, Span: [30, 31), Text: "\n"
Kind: Unknown, Span: [31, 32), Text: "^"
Kind: Whitespace, Span: [32, 33), Text: "\n"