Kind: LineComment, Span: [0, 5), Text: "# foo"
Kind: Whitespace, Span: [5, 6), Text: "\n"
Kind: LineComment, Span: [6, 7), Text: "#"
Kind: Whitespace, Span: [7, 8), Text: "\n"
Kind: LineComment, Span: [8, 13), Text: "# bar"
Kind: Whitespace, Span: [13, 16), Text: "\n\n\t"
Kind: LineComment, Span: [16, 21), Text: "# baz"
Kind: Whitespace, Span: [21, 22), Text: "\n"
Kind: BlockComment { terminated: true }, Span: [22, 41), Text: "/*\n *\n * hello\n *\n "
Kind: Mul, Span: [41, 42), Text: "*"
Kind: Div, Span: [42, 43), Text: "/"
Kind: Whitespace, Span: [43, 45), Text: "\n\n"
Kind: BlockComment { terminated: true }, Span: [45, 55), Text: "/* /* foo "
Kind: Mul, Span: [55, 56), Text: "*"
Kind: Div, Span: [56, 57), Text: "/"
Kind: Whitespace, Span: [57, 58), Text: "\n"